String hello not found in output, check failed...
